// Vitest Snapshot v1, https://vitest.dev/guide/snapshot.html

exports[`ActionButtons > mounts 1`] = `
"<button data-v-634d56d3="" aria-label="Add &quot;Margarita&quot; to Selection" class="add-cocktail-0 action-button"><svg data-v-634d56d3="" viewBox="0 0 24 24" aria-hidden="true" class="w-5 h-5">
    <path d="M19,13H13V19H11V13H5V11H11V5H13V11H19V13Z" class="transition-all"></path>
  </svg></button>"
`;
